---
source: crates/agent-habilis-mesh/src/protocol/message/mod.rs
expression: wire
---
{"v":"12.0","id":"00000000-0000-0000-0000-000000000001","type":"presence","subtype":"joined","mesh":"DdZa1h22pjpRkMWXZoSBKtpJ938RSPnKQTEcAxDmSuVMhQC6xfhpx7Mk5WyMxMfCae","author":"alice-bot","ts":1700000000,"body":"","ext":{}}
